2026-05-18 22:53:08,580 INFO o.a.j.u.JMeterUtils: Setting Locale to en_EN
2026-05-18 22:53:08,614 INFO o.a.j.JMeter: Loading user properties from: C:\Portable\apache-jmeter\bin\user.properties
2026-05-18 22:53:08,615 INFO o.a.j.JMeter: Loading system properties from: C:\Portable\apache-jmeter\bin\system.properties
2026-05-18 22:53:08,630 INFO o.a.j.JMeter: Copyright (c) 1998-2024 The Apache Software Foundation
2026-05-18 22:53:08,630 INFO o.a.j.JMeter: Version 5.6.3
2026-05-18 22:53:08,631 INFO o.a.j.JMeter: java.version=25.0.3
2026-05-18 22:53:08,631 INFO o.a.j.JMeter: java.vm.name=OpenJDK 64-Bit Server VM
2026-05-18 22:53:08,631 INFO o.a.j.JMeter: os.name=Windows 11
2026-05-18 22:53:08,631 INFO o.a.j.JMeter: os.arch=amd64
2026-05-18 22:53:08,631 INFO o.a.j.JMeter: os.version=10.0
2026-05-18 22:53:08,632 INFO o.a.j.JMeter: file.encoding=UTF-8
2026-05-18 22:53:08,632 INFO o.a.j.JMeter: java.awt.headless=null
2026-05-18 22:53:08,632 INFO o.a.j.JMeter: Max memory     =1073741824
2026-05-18 22:53:08,632 INFO o.a.j.JMeter: Available Processors =4
2026-05-18 22:53:08,657 INFO o.a.j.JMeter: Default Locale=English (EN)
2026-05-18 22:53:08,658 INFO o.a.j.JMeter: JMeter  Locale=English (EN)
2026-05-18 22:53:08,658 INFO o.a.j.JMeter: JMeterHome=C:\Portable\apache-jmeter
2026-05-18 22:53:08,658 INFO o.a.j.JMeter: user.dir  =C:\Portable\AST-Terminal
2026-05-18 22:53:08,658 INFO o.a.j.JMeter: PWD       =C:\Portable\AST-Terminal
2026-05-18 22:53:08,669 INFO o.a.j.JMeter: IP: 192.168.100.208 Name: SWEET FullName: SWEET
2026-05-18 22:53:08,687 INFO o.a.j.JMeter: Loaded icon properties from org/apache/jmeter/images/icon.properties
2026-05-18 22:53:08,938 INFO o.a.j.JMeterGuiLauncher: Setting LAF to: com.github.weisj.darklaf.DarkLaf:com.github.weisj.darklaf.theme.IntelliJTheme
2026-05-18 22:55:09,357 INFO o.a.j.p.h.s.HTTPSamplerBase: Parser for text/html is org.apache.jmeter.protocol.http.parser.LagartoBasedHtmlParser
2026-05-18 22:55:09,357 INFO o.a.j.p.h.s.HTTPSamplerBase: Parser for application/xhtml+xml is org.apache.jmeter.protocol.http.parser.LagartoBasedHtmlParser
2026-05-18 22:55:09,357 INFO o.a.j.p.h.s.HTTPSamplerBase: Parser for application/xml is org.apache.jmeter.protocol.http.parser.LagartoBasedHtmlParser
2026-05-18 22:55:09,358 INFO o.a.j.p.h.s.HTTPSamplerBase: Parser for text/xml is org.apache.jmeter.protocol.http.parser.LagartoBasedHtmlParser
2026-05-18 22:55:09,358 INFO o.a.j.p.h.s.HTTPSamplerBase: Parser for text/vnd.wap.wml is org.apache.jmeter.protocol.http.parser.RegexpHTMLParser
2026-05-18 22:55:09,358 INFO o.a.j.p.h.s.HTTPSamplerBase: Parser for text/css is org.apache.jmeter.protocol.http.parser.CssParser
2026-05-18 22:56:00,578 INFO o.a.j.s.SampleResult: Note: Sample TimeStamps are START times
2026-05-18 22:56:00,578 INFO o.a.j.s.SampleResult: sampleresult.default.encoding is set to UTF-8
2026-05-18 22:56:00,580 INFO o.a.j.s.SampleResult: sampleresult.useNanoTime=true
2026-05-18 22:56:00,580 INFO o.a.j.s.SampleResult: sampleresult.nanoThreadSleep=5000
2026-05-18 22:56:19,251 INFO o.a.j.s.FileServer: Default base='C:\Portable\AST-Terminal'
2026-05-18 22:56:19,253 INFO o.a.j.s.FileServer: Set new base='C:\Portable\AST-Terminal\Part A'
2026-05-18 22:56:19,887 INFO o.a.j.s.SaveService: Testplan (JMX) version: 2.2. Testlog (JTL) version: 2.2
2026-05-18 22:56:19,918 INFO o.a.j.s.SaveService: Using SaveService properties version 5.0
2026-05-18 22:56:19,920 INFO o.a.j.s.SaveService: Using SaveService properties file encoding UTF-8
2026-05-18 22:56:22,055 INFO o.a.j.e.StandardJMeterEngine: Running the test!
2026-05-18 22:56:22,057 INFO o.a.j.s.SampleEvent: List of sample_variables: []
2026-05-18 22:56:22,058 INFO o.a.j.s.SampleEvent: List of sample_variables: []
2026-05-18 22:56:22,062 INFO o.a.j.e.u.CompoundVariable: Note: Function class names must contain the string: '.functions.'
2026-05-18 22:56:22,062 INFO o.a.j.e.u.CompoundVariable: Note: Function class names must not contain the string: '.gui.'
2026-05-18 22:56:22,156 INFO o.a.j.g.u.JMeterMenuBar: setRunning(true, *local*)
2026-05-18 22:56:22,262 INFO o.a.j.e.StandardJMeterEngine: Starting ThreadGroup: 1 : CSV Data Driven Test
2026-05-18 22:56:22,263 INFO o.a.j.e.StandardJMeterEngine: Starting 5 threads for group CSV Data Driven Test.
2026-05-18 22:56:22,263 INFO o.a.j.e.StandardJMeterEngine: Thread will continue on error
2026-05-18 22:56:22,264 INFO o.a.j.t.ThreadGroup: Starting thread group... number=1 threads=5 ramp-up=1 delayedStart=false
2026-05-18 22:56:22,276 INFO o.a.j.t.ThreadGroup: Started thread group number 1
2026-05-18 22:56:22,276 INFO o.a.j.e.StandardJMeterEngine: All thread groups have been started
2026-05-18 22:56:22,292 INFO o.a.j.t.JMeterThread: Thread started: CSV Data Driven Test 1-1
2026-05-18 22:56:22,297 INFO o.a.j.s.FileServer: Stored: C:/Portable/AST-Terminal/Part A/testdata.csv
2026-05-18 22:56:22,342 INFO o.a.j.p.h.s.HTTPHCAbstractImpl: Local host = SWEET
2026-05-18 22:56:22,353 INFO o.a.j.p.h.s.HTTPHC4Impl: HTTP request retry count = 0
2026-05-18 22:56:22,490 INFO o.a.j.t.JMeterThread: Thread started: CSV Data Driven Test 1-2
2026-05-18 22:56:22,524 INFO o.a.j.p.h.s.h.LazyLayeredConnectionSocketFactory: Setting up HTTPS TrustAll Socket Factory
2026-05-18 22:56:22,532 INFO o.a.j.u.JsseSSLManager: Using default SSL protocol: TLS
2026-05-18 22:56:22,532 INFO o.a.j.u.JsseSSLManager: SSL session context: per-thread
2026-05-18 22:56:22,683 INFO o.a.j.t.JMeterThread: Thread started: CSV Data Driven Test 1-3
2026-05-18 22:56:22,882 INFO o.a.j.u.SSLManager: JmeterKeyStore Location:  type JKS
2026-05-18 22:56:22,883 INFO o.a.j.t.JMeterThread: Thread started: CSV Data Driven Test 1-4
2026-05-18 22:56:22,886 INFO o.a.j.u.SSLManager: KeyStore created OK
2026-05-18 22:56:22,886 WARN o.a.j.u.SSLManager: Keystore file not found, loading empty keystore
2026-05-18 22:56:23,091 INFO o.a.j.t.JMeterThread: Thread started: CSV Data Driven Test 1-5
2026-05-18 22:56:24,003 INFO o.a.j.t.JMeterThread: Thread is done: CSV Data Driven Test 1-1
2026-05-18 22:56:24,003 INFO o.a.j.t.JMeterThread: Thread is done: CSV Data Driven Test 1-4
2026-05-18 22:56:24,003 INFO o.a.j.t.JMeterThread: Thread finished: CSV Data Driven Test 1-1
2026-05-18 22:56:24,003 INFO o.a.j.t.JMeterThread: Thread finished: CSV Data Driven Test 1-4
2026-05-18 22:56:24,003 INFO o.a.j.t.JMeterThread: Thread is done: CSV Data Driven Test 1-2
2026-05-18 22:56:24,003 INFO o.a.j.t.JMeterThread: Thread finished: CSV Data Driven Test 1-2
2026-05-18 22:56:24,005 INFO o.a.j.t.JMeterThread: Thread is done: CSV Data Driven Test 1-5
2026-05-18 22:56:24,005 INFO o.a.j.t.JMeterThread: Thread finished: CSV Data Driven Test 1-5
2026-05-18 22:56:24,006 INFO o.a.j.t.JMeterThread: Thread is done: CSV Data Driven Test 1-3
2026-05-18 22:56:24,006 INFO o.a.j.t.JMeterThread: Thread finished: CSV Data Driven Test 1-3
2026-05-18 22:56:24,008 INFO o.a.j.e.StandardJMeterEngine: Notifying test listeners of end of test
2026-05-18 22:56:24,008 INFO o.a.j.s.FileServer: Close: C:/Portable/AST-Terminal/Part A/testdata.csv
2026-05-18 22:56:24,013 INFO o.a.j.g.u.JMeterMenuBar: setRunning(false, *local*)
2026-05-18 22:57:36,154 INFO o.a.j.e.StandardJMeterEngine: Running the test!
2026-05-18 22:57:36,155 INFO o.a.j.s.SampleEvent: List of sample_variables: []
2026-05-18 22:57:36,156 INFO o.a.j.g.u.JMeterMenuBar: setRunning(true, *local*)
2026-05-18 22:57:36,279 INFO o.a.j.e.StandardJMeterEngine: Starting ThreadGroup: 1 : CSV Data Driven Test
2026-05-18 22:57:36,281 INFO o.a.j.e.StandardJMeterEngine: Starting 5 threads for group CSV Data Driven Test.
2026-05-18 22:57:36,281 INFO o.a.j.e.StandardJMeterEngine: Thread will continue on error
2026-05-18 22:57:36,281 INFO o.a.j.t.ThreadGroup: Starting thread group... number=1 threads=5 ramp-up=1 delayedStart=false
2026-05-18 22:57:36,284 INFO o.a.j.t.JMeterThread: Thread started: CSV Data Driven Test 1-1
2026-05-18 22:57:36,285 INFO o.a.j.t.ThreadGroup: Started thread group number 1
2026-05-18 22:57:36,285 INFO o.a.j.e.StandardJMeterEngine: All thread groups have been started
2026-05-18 22:57:36,285 INFO o.a.j.s.FileServer: Stored: C:/Portable/AST-Terminal/Part A/testdata.csv
2026-05-18 22:57:36,292 INFO o.a.j.t.JMeterThread: Thread is done: CSV Data Driven Test 1-1
2026-05-18 22:57:36,292 INFO o.a.j.t.JMeterThread: Thread finished: CSV Data Driven Test 1-1
2026-05-18 22:57:36,487 INFO o.a.j.t.JMeterThread: Thread started: CSV Data Driven Test 1-2
2026-05-18 22:57:36,489 INFO o.a.j.t.JMeterThread: Thread is done: CSV Data Driven Test 1-2
2026-05-18 22:57:36,489 INFO o.a.j.t.JMeterThread: Thread finished: CSV Data Driven Test 1-2
2026-05-18 22:57:36,689 INFO o.a.j.t.JMeterThread: Thread started: CSV Data Driven Test 1-3
2026-05-18 22:57:36,693 INFO o.a.j.t.JMeterThread: Thread is done: CSV Data Driven Test 1-3
2026-05-18 22:57:36,695 INFO o.a.j.t.JMeterThread: Thread finished: CSV Data Driven Test 1-3
2026-05-18 22:57:36,888 INFO o.a.j.t.JMeterThread: Thread started: CSV Data Driven Test 1-4
2026-05-18 22:57:36,895 INFO o.a.j.t.JMeterThread: Thread is done: CSV Data Driven Test 1-4
2026-05-18 22:57:36,896 INFO o.a.j.t.JMeterThread: Thread finished: CSV Data Driven Test 1-4
2026-05-18 22:57:37,088 INFO o.a.j.t.JMeterThread: Thread started: CSV Data Driven Test 1-5
2026-05-18 22:57:37,092 INFO o.a.j.t.JMeterThread: Thread is done: CSV Data Driven Test 1-5
2026-05-18 22:57:37,093 INFO o.a.j.t.JMeterThread: Thread finished: CSV Data Driven Test 1-5
2026-05-18 22:57:37,093 INFO o.a.j.e.StandardJMeterEngine: Notifying test listeners of end of test
2026-05-18 22:57:37,094 INFO o.a.j.s.FileServer: Close: C:/Portable/AST-Terminal/Part A/testdata.csv
2026-05-18 22:57:37,094 INFO o.a.j.g.u.JMeterMenuBar: setRunning(false, *local*)
2026-05-18 22:57:59,781 INFO o.a.j.e.StandardJMeterEngine: Running the test!
2026-05-18 22:57:59,788 INFO o.a.j.s.SampleEvent: List of sample_variables: []
2026-05-18 22:57:59,819 INFO o.a.j.g.u.JMeterMenuBar: setRunning(true, *local*)
2026-05-18 22:57:59,902 INFO o.a.j.e.StandardJMeterEngine: Starting ThreadGroup: 1 : CSV Data Driven Test
2026-05-18 22:57:59,903 INFO o.a.j.e.StandardJMeterEngine: Starting 5 threads for group CSV Data Driven Test.
2026-05-18 22:57:59,903 INFO o.a.j.e.StandardJMeterEngine: Thread will continue on error
2026-05-18 22:57:59,904 INFO o.a.j.t.ThreadGroup: Starting thread group... number=1 threads=5 ramp-up=1 delayedStart=false
2026-05-18 22:57:59,909 INFO o.a.j.t.ThreadGroup: Started thread group number 1
2026-05-18 22:57:59,908 INFO o.a.j.t.JMeterThread: Thread started: CSV Data Driven Test 1-1
2026-05-18 22:57:59,909 INFO o.a.j.e.StandardJMeterEngine: All thread groups have been started
2026-05-18 22:57:59,910 INFO o.a.j.s.FileServer: Stored: C:/Portable/AST-Terminal/Part A/testdata.csv
2026-05-18 22:58:00,112 INFO o.a.j.t.JMeterThread: Thread started: CSV Data Driven Test 1-2
2026-05-18 22:58:00,313 INFO o.a.j.t.JMeterThread: Thread started: CSV Data Driven Test 1-3
2026-05-18 22:58:00,512 INFO o.a.j.t.JMeterThread: Thread started: CSV Data Driven Test 1-4
2026-05-18 22:58:00,548 INFO o.a.j.t.JMeterThread: Thread is done: CSV Data Driven Test 1-1
2026-05-18 22:58:00,548 INFO o.a.j.t.JMeterThread: Thread finished: CSV Data Driven Test 1-1
2026-05-18 22:58:00,712 INFO o.a.j.t.JMeterThread: Thread started: CSV Data Driven Test 1-5
2026-05-18 22:58:00,748 INFO o.a.j.t.JMeterThread: Thread is done: CSV Data Driven Test 1-2
2026-05-18 22:58:00,749 INFO o.a.j.t.JMeterThread: Thread finished: CSV Data Driven Test 1-2
2026-05-18 22:58:00,941 INFO o.a.j.t.JMeterThread: Thread is done: CSV Data Driven Test 1-3
2026-05-18 22:58:00,941 INFO o.a.j.t.JMeterThread: Thread finished: CSV Data Driven Test 1-3
2026-05-18 22:58:01,137 INFO o.a.j.t.JMeterThread: Thread is done: CSV Data Driven Test 1-4
2026-05-18 22:58:01,138 INFO o.a.j.t.JMeterThread: Thread finished: CSV Data Driven Test 1-4
2026-05-18 22:58:01,229 INFO o.a.j.t.JMeterThread: Thread is done: CSV Data Driven Test 1-5
2026-05-18 22:58:01,229 INFO o.a.j.t.JMeterThread: Thread finished: CSV Data Driven Test 1-5
2026-05-18 22:58:01,230 INFO o.a.j.e.StandardJMeterEngine: Notifying test listeners of end of test
2026-05-18 22:58:01,232 INFO o.a.j.s.FileServer: Close: C:/Portable/AST-Terminal/Part A/testdata.csv
2026-05-18 22:58:01,233 INFO o.a.j.g.u.JMeterMenuBar: setRunning(false, *local*)
2026-05-18 22:58:22,742 INFO o.a.j.e.StandardJMeterEngine: Running the test!
2026-05-18 22:58:22,743 INFO o.a.j.s.SampleEvent: List of sample_variables: []
2026-05-18 22:58:22,745 INFO o.a.j.g.u.JMeterMenuBar: setRunning(true, *local*)
2026-05-18 22:58:22,835 INFO o.a.j.e.StandardJMeterEngine: Starting ThreadGroup: 1 : CSV Data Driven Test
2026-05-18 22:58:22,837 INFO o.a.j.e.StandardJMeterEngine: Starting 5 threads for group CSV Data Driven Test.
2026-05-18 22:58:22,839 INFO o.a.j.e.StandardJMeterEngine: Thread will continue on error
2026-05-18 22:58:22,840 INFO o.a.j.t.ThreadGroup: Starting thread group... number=1 threads=5 ramp-up=1 delayedStart=false
2026-05-18 22:58:22,857 INFO o.a.j.t.ThreadGroup: Started thread group number 1
2026-05-18 22:58:22,857 INFO o.a.j.e.StandardJMeterEngine: All thread groups have been started
2026-05-18 22:58:22,859 INFO o.a.j.t.JMeterThread: Thread started: CSV Data Driven Test 1-1
2026-05-18 22:58:22,860 INFO o.a.j.s.FileServer: Stored: C:/Portable/AST-Terminal/Part A/testdata.csv
2026-05-18 22:58:23,059 INFO o.a.j.t.JMeterThread: Thread started: CSV Data Driven Test 1-2
2026-05-18 22:58:23,259 INFO o.a.j.t.JMeterThread: Thread started: CSV Data Driven Test 1-3
2026-05-18 22:58:23,460 INFO o.a.j.t.JMeterThread: Thread started: CSV Data Driven Test 1-4
2026-05-18 22:58:23,490 INFO o.a.j.t.JMeterThread: Thread is done: CSV Data Driven Test 1-1
2026-05-18 22:58:23,490 INFO o.a.j.t.JMeterThread: Thread finished: CSV Data Driven Test 1-1
2026-05-18 22:58:23,660 INFO o.a.j.t.JMeterThread: Thread started: CSV Data Driven Test 1-5
2026-05-18 22:58:23,736 INFO o.a.j.t.JMeterThread: Thread is done: CSV Data Driven Test 1-2
2026-05-18 22:58:23,736 INFO o.a.j.t.JMeterThread: Thread finished: CSV Data Driven Test 1-2
2026-05-18 22:58:23,906 INFO o.a.j.t.JMeterThread: Thread is done: CSV Data Driven Test 1-3
2026-05-18 22:58:23,906 INFO o.a.j.t.JMeterThread: Thread finished: CSV Data Driven Test 1-3
2026-05-18 22:58:24,064 INFO o.a.j.t.JMeterThread: Thread is done: CSV Data Driven Test 1-4
2026-05-18 22:58:24,065 INFO o.a.j.t.JMeterThread: Thread finished: CSV Data Driven Test 1-4
2026-05-18 22:58:24,142 INFO o.a.j.t.JMeterThread: Thread is done: CSV Data Driven Test 1-5
2026-05-18 22:58:24,142 INFO o.a.j.t.JMeterThread: Thread finished: CSV Data Driven Test 1-5
2026-05-18 22:58:24,143 INFO o.a.j.e.StandardJMeterEngine: Notifying test listeners of end of test
2026-05-18 22:58:24,144 INFO o.a.j.s.FileServer: Close: C:/Portable/AST-Terminal/Part A/testdata.csv
2026-05-18 22:58:24,144 INFO o.a.j.g.u.JMeterMenuBar: setRunning(false, *local*)
2026-05-18 23:03:02,316 INFO o.a.j.e.StandardJMeterEngine: Running the test!
2026-05-18 23:03:02,317 INFO o.a.j.s.SampleEvent: List of sample_variables: []
2026-05-18 23:03:02,319 INFO o.a.j.g.u.JMeterMenuBar: setRunning(true, *local*)
2026-05-18 23:03:02,411 INFO o.a.j.e.StandardJMeterEngine: Starting ThreadGroup: 1 : CSV Data Driven Test
2026-05-18 23:03:02,413 INFO o.a.j.e.StandardJMeterEngine: Starting 5 threads for group CSV Data Driven Test.
2026-05-18 23:03:02,413 INFO o.a.j.e.StandardJMeterEngine: Thread will continue on error
2026-05-18 23:03:02,418 INFO o.a.j.t.ThreadGroup: Starting thread group... number=1 threads=5 ramp-up=1 delayedStart=false
2026-05-18 23:03:02,435 INFO o.a.j.t.ThreadGroup: Started thread group number 1
2026-05-18 23:03:02,435 INFO o.a.j.e.StandardJMeterEngine: All thread groups have been started
2026-05-18 23:03:02,435 INFO o.a.j.t.JMeterThread: Thread started: CSV Data Driven Test 1-1
2026-05-18 23:03:02,437 INFO o.a.j.s.FileServer: Stored: C:/Portable/AST-Terminal/Part A/testdata.csv
2026-05-18 23:03:02,628 INFO o.a.j.t.JMeterThread: Thread started: CSV Data Driven Test 1-2
2026-05-18 23:03:02,828 INFO o.a.j.t.JMeterThread: Thread started: CSV Data Driven Test 1-3
2026-05-18 23:03:03,031 INFO o.a.j.t.JMeterThread: Thread started: CSV Data Driven Test 1-4
2026-05-18 23:03:03,235 INFO o.a.j.t.JMeterThread: Thread started: CSV Data Driven Test 1-5
2026-05-18 23:03:03,276 INFO o.a.j.t.JMeterThread: Thread is done: CSV Data Driven Test 1-1
2026-05-18 23:03:03,276 INFO o.a.j.t.JMeterThread: Thread finished: CSV Data Driven Test 1-1
2026-05-18 23:03:03,359 INFO o.a.j.t.JMeterThread: Thread is done: CSV Data Driven Test 1-2
2026-05-18 23:03:03,359 INFO o.a.j.t.JMeterThread: Thread finished: CSV Data Driven Test 1-2
2026-05-18 23:03:03,574 INFO o.a.j.t.JMeterThread: Thread is done: CSV Data Driven Test 1-3
2026-05-18 23:03:03,575 INFO o.a.j.t.JMeterThread: Thread finished: CSV Data Driven Test 1-3
2026-05-18 23:03:03,754 INFO o.a.j.t.JMeterThread: Thread is done: CSV Data Driven Test 1-4
2026-05-18 23:03:03,754 INFO o.a.j.t.JMeterThread: Thread finished: CSV Data Driven Test 1-4
2026-05-18 23:03:03,962 INFO o.a.j.t.JMeterThread: Thread is done: CSV Data Driven Test 1-5
2026-05-18 23:03:03,962 INFO o.a.j.t.JMeterThread: Thread finished: CSV Data Driven Test 1-5
2026-05-18 23:03:03,964 INFO o.a.j.e.StandardJMeterEngine: Notifying test listeners of end of test
2026-05-18 23:03:03,964 INFO o.a.j.s.FileServer: Close: C:/Portable/AST-Terminal/Part A/testdata.csv
2026-05-18 23:03:03,964 INFO o.a.j.g.u.JMeterMenuBar: setRunning(false, *local*)
2026-05-18 23:03:06,464 INFO o.a.j.e.StandardJMeterEngine: Running the test!
2026-05-18 23:03:06,465 INFO o.a.j.s.SampleEvent: List of sample_variables: []
2026-05-18 23:03:06,466 INFO o.a.j.g.u.JMeterMenuBar: setRunning(true, *local*)
2026-05-18 23:03:06,562 INFO o.a.j.e.StandardJMeterEngine: Starting ThreadGroup: 1 : CSV Data Driven Test
2026-05-18 23:03:06,563 INFO o.a.j.e.StandardJMeterEngine: Starting 5 threads for group CSV Data Driven Test.
2026-05-18 23:03:06,563 INFO o.a.j.e.StandardJMeterEngine: Thread will continue on error
2026-05-18 23:03:06,564 INFO o.a.j.t.ThreadGroup: Starting thread group... number=1 threads=5 ramp-up=1 delayedStart=true
2026-05-18 23:03:06,565 INFO o.a.j.t.ThreadGroup: Started thread group number 1
2026-05-18 23:03:06,565 INFO o.a.j.e.StandardJMeterEngine: All thread groups have been started
2026-05-18 23:03:06,570 INFO o.a.j.t.JMeterThread: Thread started: CSV Data Driven Test 1-1
2026-05-18 23:03:06,574 INFO o.a.j.s.FileServer: Stored: C:/Portable/AST-Terminal/Part A/testdata.csv
2026-05-18 23:03:06,821 INFO o.a.j.t.JMeterThread: Thread started: CSV Data Driven Test 1-2
2026-05-18 23:03:07,072 INFO o.a.j.t.JMeterThread: Thread started: CSV Data Driven Test 1-3
2026-05-18 23:03:07,321 INFO o.a.j.t.JMeterThread: Thread started: CSV Data Driven Test 1-4
2026-05-18 23:03:07,332 INFO o.a.j.t.JMeterThread: Thread is done: CSV Data Driven Test 1-1
2026-05-18 23:03:07,332 INFO o.a.j.t.JMeterThread: Thread finished: CSV Data Driven Test 1-1
2026-05-18 23:03:07,512 INFO o.a.j.t.JMeterThread: Thread is done: CSV Data Driven Test 1-2
2026-05-18 23:03:07,513 INFO o.a.j.t.JMeterThread: Thread finished: CSV Data Driven Test 1-2
2026-05-18 23:03:07,569 INFO o.a.j.t.JMeterThread: Thread started: CSV Data Driven Test 1-5
2026-05-18 23:03:07,728 INFO o.a.j.t.JMeterThread: Thread is done: CSV Data Driven Test 1-3
2026-05-18 23:03:07,728 INFO o.a.j.t.JMeterThread: Thread finished: CSV Data Driven Test 1-3
2026-05-18 23:03:07,985 INFO o.a.j.t.JMeterThread: Thread is done: CSV Data Driven Test 1-4
2026-05-18 23:03:07,985 INFO o.a.j.t.JMeterThread: Thread finished: CSV Data Driven Test 1-4
2026-05-18 23:03:08,169 INFO o.a.j.t.JMeterThread: Thread is done: CSV Data Driven Test 1-5
2026-05-18 23:03:08,169 INFO o.a.j.t.JMeterThread: Thread finished: CSV Data Driven Test 1-5
2026-05-18 23:03:08,170 INFO o.a.j.e.StandardJMeterEngine: Notifying test listeners of end of test
2026-05-18 23:03:08,170 INFO o.a.j.s.FileServer: Close: C:/Portable/AST-Terminal/Part A/testdata.csv
2026-05-18 23:03:08,170 INFO o.a.j.g.u.JMeterMenuBar: setRunning(false, *local*)
2026-05-18 23:03:23,100 INFO o.a.j.e.StandardJMeterEngine: Running the test!
2026-05-18 23:03:23,100 INFO o.a.j.s.SampleEvent: List of sample_variables: []
2026-05-18 23:03:23,104 INFO o.a.j.g.u.JMeterMenuBar: setRunning(true, *local*)
2026-05-18 23:03:23,194 INFO o.a.j.e.StandardJMeterEngine: Starting ThreadGroup: 1 : CSV Data Driven Test
2026-05-18 23:03:23,195 INFO o.a.j.e.StandardJMeterEngine: Starting 5 threads for group CSV Data Driven Test.
2026-05-18 23:03:23,196 INFO o.a.j.e.StandardJMeterEngine: Thread will continue on error
2026-05-18 23:03:23,196 INFO o.a.j.t.ThreadGroup: Starting thread group... number=1 threads=5 ramp-up=1 delayedStart=true
2026-05-18 23:03:23,196 INFO o.a.j.t.ThreadGroup: Started thread group number 1
2026-05-18 23:03:23,196 INFO o.a.j.e.StandardJMeterEngine: All thread groups have been started
2026-05-18 23:03:23,203 INFO o.a.j.t.JMeterThread: Thread started: CSV Data Driven Test 1-1
2026-05-18 23:03:23,204 INFO o.a.j.s.FileServer: Stored: C:/Portable/AST-Terminal/Part A/testdata.csv
2026-05-18 23:03:23,454 INFO o.a.j.t.JMeterThread: Thread started: CSV Data Driven Test 1-2
2026-05-18 23:03:23,704 INFO o.a.j.t.JMeterThread: Thread started: CSV Data Driven Test 1-3
2026-05-18 23:03:23,944 INFO o.a.j.t.JMeterThread: Thread is done: CSV Data Driven Test 1-1
2026-05-18 23:03:23,944 INFO o.a.j.t.JMeterThread: Thread finished: CSV Data Driven Test 1-1
2026-05-18 23:03:23,953 INFO o.a.j.t.JMeterThread: Thread started: CSV Data Driven Test 1-4
2026-05-18 23:03:24,095 INFO o.a.j.t.JMeterThread: Thread is done: CSV Data Driven Test 1-2
2026-05-18 23:03:24,095 INFO o.a.j.t.JMeterThread: Thread finished: CSV Data Driven Test 1-2
2026-05-18 23:03:24,200 INFO o.a.j.t.JMeterThread: Thread started: CSV Data Driven Test 1-5
2026-05-18 23:03:24,372 INFO o.a.j.t.JMeterThread: Thread is done: CSV Data Driven Test 1-3
2026-05-18 23:03:24,372 INFO o.a.j.t.JMeterThread: Thread finished: CSV Data Driven Test 1-3
2026-05-18 23:03:24,744 INFO o.a.j.t.JMeterThread: Thread is done: CSV Data Driven Test 1-4
2026-05-18 23:03:24,745 INFO o.a.j.t.JMeterThread: Thread finished: CSV Data Driven Test 1-4
2026-05-18 23:03:24,949 INFO o.a.j.t.JMeterThread: Thread is done: CSV Data Driven Test 1-5
2026-05-18 23:03:24,949 INFO o.a.j.t.JMeterThread: Thread finished: CSV Data Driven Test 1-5
2026-05-18 23:03:24,950 INFO o.a.j.e.StandardJMeterEngine: Notifying test listeners of end of test
2026-05-18 23:03:24,950 INFO o.a.j.s.FileServer: Close: C:/Portable/AST-Terminal/Part A/testdata.csv
2026-05-18 23:03:24,950 INFO o.a.j.g.u.JMeterMenuBar: setRunning(false, *local*)
2026-05-18 23:05:36,394 INFO o.a.j.e.StandardJMeterEngine: Running the test!
2026-05-18 23:05:36,395 INFO o.a.j.s.SampleEvent: List of sample_variables: []
2026-05-18 23:05:36,397 INFO o.a.j.g.u.JMeterMenuBar: setRunning(true, *local*)
2026-05-18 23:05:36,486 INFO o.a.j.e.StandardJMeterEngine: Starting ThreadGroup: 1 : CSV Data Driven Test
2026-05-18 23:05:36,487 INFO o.a.j.e.StandardJMeterEngine: Starting 5 threads for group CSV Data Driven Test.
2026-05-18 23:05:36,487 INFO o.a.j.e.StandardJMeterEngine: Thread will continue on error
2026-05-18 23:05:36,488 INFO o.a.j.t.ThreadGroup: Starting thread group... number=1 threads=5 ramp-up=1 delayedStart=true
2026-05-18 23:05:36,489 INFO o.a.j.t.ThreadGroup: Started thread group number 1
2026-05-18 23:05:36,489 INFO o.a.j.e.StandardJMeterEngine: All thread groups have been started
2026-05-18 23:05:36,495 INFO o.a.j.t.JMeterThread: Thread started: CSV Data Driven Test 1-1
2026-05-18 23:05:36,496 INFO o.a.j.s.FileServer: Stored: C:/Portable/AST-Terminal/Part A/testdata.csv
2026-05-18 23:05:36,747 INFO o.a.j.t.JMeterThread: Thread started: CSV Data Driven Test 1-2
2026-05-18 23:05:36,996 INFO o.a.j.t.JMeterThread: Thread is done: CSV Data Driven Test 1-1
2026-05-18 23:05:36,996 INFO o.a.j.t.JMeterThread: Thread finished: CSV Data Driven Test 1-1
2026-05-18 23:05:37,001 INFO o.a.j.t.JMeterThread: Thread started: CSV Data Driven Test 1-3
2026-05-18 23:05:37,227 INFO o.a.j.t.JMeterThread: Thread is done: CSV Data Driven Test 1-2
2026-05-18 23:05:37,228 INFO o.a.j.t.JMeterThread: Thread finished: CSV Data Driven Test 1-2
2026-05-18 23:05:37,247 INFO o.a.j.t.JMeterThread: Thread started: CSV Data Driven Test 1-4
2026-05-18 23:05:37,494 INFO o.a.j.t.JMeterThread: Thread started: CSV Data Driven Test 1-5
2026-05-18 23:05:37,500 INFO o.a.j.t.JMeterThread: Thread is done: CSV Data Driven Test 1-3
2026-05-18 23:05:37,500 INFO o.a.j.t.JMeterThread: Thread finished: CSV Data Driven Test 1-3
2026-05-18 23:05:37,755 INFO o.a.j.t.JMeterThread: Thread is done: CSV Data Driven Test 1-4
2026-05-18 23:05:37,756 INFO o.a.j.t.JMeterThread: Thread finished: CSV Data Driven Test 1-4
2026-05-18 23:05:38,008 INFO o.a.j.t.JMeterThread: Thread is done: CSV Data Driven Test 1-5
2026-05-18 23:05:38,009 INFO o.a.j.t.JMeterThread: Thread finished: CSV Data Driven Test 1-5
2026-05-18 23:05:38,010 INFO o.a.j.e.StandardJMeterEngine: Notifying test listeners of end of test
2026-05-18 23:05:38,010 INFO o.a.j.s.FileServer: Close: C:/Portable/AST-Terminal/Part A/testdata.csv
2026-05-18 23:05:38,010 INFO o.a.j.g.u.JMeterMenuBar: setRunning(false, *local*)
2026-05-18 23:05:59,634 INFO o.a.j.e.StandardJMeterEngine: Running the test!
2026-05-18 23:05:59,635 INFO o.a.j.s.SampleEvent: List of sample_variables: []
2026-05-18 23:05:59,637 INFO o.a.j.g.u.JMeterMenuBar: setRunning(true, *local*)
2026-05-18 23:05:59,728 INFO o.a.j.e.StandardJMeterEngine: Starting ThreadGroup: 1 : CSV Data Driven Test
2026-05-18 23:05:59,729 INFO o.a.j.e.StandardJMeterEngine: Starting 5 threads for group CSV Data Driven Test.
2026-05-18 23:05:59,729 INFO o.a.j.e.StandardJMeterEngine: Thread will continue on error
2026-05-18 23:05:59,729 INFO o.a.j.t.ThreadGroup: Starting thread group... number=1 threads=5 ramp-up=1 delayedStart=true
2026-05-18 23:05:59,729 INFO o.a.j.t.ThreadGroup: Started thread group number 1
2026-05-18 23:05:59,730 INFO o.a.j.e.StandardJMeterEngine: All thread groups have been started
2026-05-18 23:05:59,739 INFO o.a.j.t.JMeterThread: Thread started: CSV Data Driven Test 1-1
2026-05-18 23:05:59,740 INFO o.a.j.s.FileServer: Stored: C:/Portable/AST-Terminal/Part A/testdata.csv
2026-05-18 23:05:59,983 INFO o.a.j.t.JMeterThread: Thread started: CSV Data Driven Test 1-2
2026-05-18 23:06:00,233 INFO o.a.j.t.JMeterThread: Thread started: CSV Data Driven Test 1-3
2026-05-18 23:06:00,484 INFO o.a.j.t.JMeterThread: Thread started: CSV Data Driven Test 1-4
2026-05-18 23:06:00,543 INFO o.a.j.t.JMeterThread: Thread is done: CSV Data Driven Test 1-1
2026-05-18 23:06:00,543 INFO o.a.j.t.JMeterThread: Thread finished: CSV Data Driven Test 1-1
2026-05-18 23:06:00,666 INFO o.a.j.t.JMeterThread: Thread is done: CSV Data Driven Test 1-2
2026-05-18 23:06:00,666 INFO o.a.j.t.JMeterThread: Thread finished: CSV Data Driven Test 1-2
2026-05-18 23:06:00,732 INFO o.a.j.t.JMeterThread: Thread started: CSV Data Driven Test 1-5
2026-05-18 23:06:00,953 INFO o.a.j.t.JMeterThread: Thread is done: CSV Data Driven Test 1-3
2026-05-18 23:06:00,953 INFO o.a.j.t.JMeterThread: Thread finished: CSV Data Driven Test 1-3
2026-05-18 23:06:01,125 INFO o.a.j.t.JMeterThread: Thread is done: CSV Data Driven Test 1-4
2026-05-18 23:06:01,125 INFO o.a.j.t.JMeterThread: Thread finished: CSV Data Driven Test 1-4
2026-05-18 23:06:01,418 INFO o.a.j.t.JMeterThread: Thread is done: CSV Data Driven Test 1-5
2026-05-18 23:06:01,418 INFO o.a.j.t.JMeterThread: Thread finished: CSV Data Driven Test 1-5
2026-05-18 23:06:01,419 INFO o.a.j.e.StandardJMeterEngine: Notifying test listeners of end of test
2026-05-18 23:06:01,419 INFO o.a.j.s.FileServer: Close: C:/Portable/AST-Terminal/Part A/testdata.csv
2026-05-18 23:06:01,420 INFO o.a.j.g.u.JMeterMenuBar: setRunning(false, *local*)
2026-05-18 23:06:07,472 INFO o.a.j.e.StandardJMeterEngine: Running the test!
2026-05-18 23:06:07,473 INFO o.a.j.s.SampleEvent: List of sample_variables: []
2026-05-18 23:06:07,476 INFO o.a.j.g.u.JMeterMenuBar: setRunning(true, *local*)
2026-05-18 23:06:07,571 INFO o.a.j.e.StandardJMeterEngine: Starting ThreadGroup: 1 : CSV Data Driven Test
2026-05-18 23:06:07,571 INFO o.a.j.e.StandardJMeterEngine: Starting 5 threads for group CSV Data Driven Test.
2026-05-18 23:06:07,572 INFO o.a.j.e.StandardJMeterEngine: Thread will continue on error
2026-05-18 23:06:07,572 INFO o.a.j.t.ThreadGroup: Starting thread group... number=1 threads=5 ramp-up=1 delayedStart=true
2026-05-18 23:06:07,572 INFO o.a.j.t.ThreadGroup: Started thread group number 1
2026-05-18 23:06:07,573 INFO o.a.j.e.StandardJMeterEngine: All thread groups have been started
2026-05-18 23:06:07,586 INFO o.a.j.t.JMeterThread: Thread started: CSV Data Driven Test 1-1
2026-05-18 23:06:07,588 INFO o.a.j.s.FileServer: Stored: C:/Portable/AST-Terminal/Part A/testdata.csv
2026-05-18 23:06:07,837 INFO o.a.j.t.JMeterThread: Thread started: CSV Data Driven Test 1-2
2026-05-18 23:06:08,087 INFO o.a.j.t.JMeterThread: Thread started: CSV Data Driven Test 1-3
2026-05-18 23:06:08,338 INFO o.a.j.t.JMeterThread: Thread started: CSV Data Driven Test 1-4
2026-05-18 23:06:08,447 INFO o.a.j.t.JMeterThread: Thread is done: CSV Data Driven Test 1-1
2026-05-18 23:06:08,447 INFO o.a.j.t.JMeterThread: Thread finished: CSV Data Driven Test 1-1
2026-05-18 23:06:08,585 INFO o.a.j.t.JMeterThread: Thread started: CSV Data Driven Test 1-5
2026-05-18 23:06:08,605 INFO o.a.j.t.JMeterThread: Thread is done: CSV Data Driven Test 1-2
2026-05-18 23:06:08,605 INFO o.a.j.t.JMeterThread: Thread finished: CSV Data Driven Test 1-2
2026-05-18 23:06:08,731 INFO o.a.j.t.JMeterThread: Thread is done: CSV Data Driven Test 1-3
2026-05-18 23:06:08,731 INFO o.a.j.t.JMeterThread: Thread finished: CSV Data Driven Test 1-3
2026-05-18 23:06:08,957 INFO o.a.j.t.JMeterThread: Thread is done: CSV Data Driven Test 1-4
2026-05-18 23:06:08,957 INFO o.a.j.t.JMeterThread: Thread finished: CSV Data Driven Test 1-4
2026-05-18 23:06:09,304 INFO o.a.j.t.JMeterThread: Thread is done: CSV Data Driven Test 1-5
2026-05-18 23:06:09,305 INFO o.a.j.t.JMeterThread: Thread finished: CSV Data Driven Test 1-5
2026-05-18 23:06:09,308 INFO o.a.j.e.StandardJMeterEngine: Notifying test listeners of end of test
2026-05-18 23:06:09,309 INFO o.a.j.s.FileServer: Close: C:/Portable/AST-Terminal/Part A/testdata.csv
2026-05-18 23:06:09,310 INFO o.a.j.g.u.JMeterMenuBar: setRunning(false, *local*)
2026-05-18 23:06:35,098 INFO o.a.j.e.StandardJMeterEngine: Running the test!
2026-05-18 23:06:35,103 INFO o.a.j.s.SampleEvent: List of sample_variables: []
2026-05-18 23:06:35,105 INFO o.a.j.g.u.JMeterMenuBar: setRunning(true, *local*)
2026-05-18 23:06:35,189 INFO o.a.j.e.StandardJMeterEngine: Starting ThreadGroup: 1 : CSV Data Driven Test
2026-05-18 23:06:35,190 INFO o.a.j.e.StandardJMeterEngine: Starting 1 threads for group CSV Data Driven Test.
2026-05-18 23:06:35,190 INFO o.a.j.e.StandardJMeterEngine: Thread will continue on error
2026-05-18 23:06:35,190 INFO o.a.j.t.ThreadGroup: Starting thread group... number=1 threads=1 ramp-up=1 delayedStart=true
2026-05-18 23:06:35,190 INFO o.a.j.t.ThreadGroup: Started thread group number 1
2026-05-18 23:06:35,190 INFO o.a.j.e.StandardJMeterEngine: All thread groups have been started
2026-05-18 23:06:35,198 INFO o.a.j.t.JMeterThread: Thread started: CSV Data Driven Test 1-1
2026-05-18 23:06:35,204 INFO o.a.j.s.FileServer: Stored: C:/Portable/AST-Terminal/Part A/testdata.csv
2026-05-18 23:06:36,030 INFO o.a.j.t.JMeterThread: Thread is done: CSV Data Driven Test 1-1
2026-05-18 23:06:36,030 INFO o.a.j.t.JMeterThread: Thread finished: CSV Data Driven Test 1-1
2026-05-18 23:06:36,031 INFO o.a.j.e.StandardJMeterEngine: Notifying test listeners of end of test
2026-05-18 23:06:36,032 INFO o.a.j.s.FileServer: Close: C:/Portable/AST-Terminal/Part A/testdata.csv
2026-05-18 23:06:36,032 INFO o.a.j.g.u.JMeterMenuBar: setRunning(false, *local*)
2026-05-18 23:07:11,317 INFO o.a.j.e.StandardJMeterEngine: Running the test!
2026-05-18 23:07:11,318 INFO o.a.j.s.SampleEvent: List of sample_variables: []
2026-05-18 23:07:11,319 INFO o.a.j.g.u.JMeterMenuBar: setRunning(true, *local*)
2026-05-18 23:07:11,407 INFO o.a.j.e.StandardJMeterEngine: Starting ThreadGroup: 1 : CSV Data Driven Test
2026-05-18 23:07:11,407 INFO o.a.j.e.StandardJMeterEngine: Starting 5 threads for group CSV Data Driven Test.
2026-05-18 23:07:11,407 INFO o.a.j.e.StandardJMeterEngine: Thread will continue on error
2026-05-18 23:07:11,407 INFO o.a.j.t.ThreadGroup: Starting thread group... number=1 threads=5 ramp-up=1 delayedStart=true
2026-05-18 23:07:11,408 INFO o.a.j.t.ThreadGroup: Started thread group number 1
2026-05-18 23:07:11,408 INFO o.a.j.e.StandardJMeterEngine: All thread groups have been started
2026-05-18 23:07:11,415 INFO o.a.j.t.JMeterThread: Thread started: CSV Data Driven Test 1-1
2026-05-18 23:07:11,419 INFO o.a.j.s.FileServer: Stored: C:/Portable/AST-Terminal/Part A/testdata.csv
2026-05-18 23:07:11,662 INFO o.a.j.t.JMeterThread: Thread started: CSV Data Driven Test 1-2
2026-05-18 23:07:11,913 INFO o.a.j.t.JMeterThread: Thread started: CSV Data Driven Test 1-3
2026-05-18 23:07:12,164 INFO o.a.j.t.JMeterThread: Thread started: CSV Data Driven Test 1-4
2026-05-18 23:07:12,412 INFO o.a.j.t.JMeterThread: Thread started: CSV Data Driven Test 1-5
2026-05-18 23:07:13,260 INFO o.a.j.t.JMeterThread: Thread is done: CSV Data Driven Test 1-1
2026-05-18 23:07:13,260 INFO o.a.j.t.JMeterThread: Thread finished: CSV Data Driven Test 1-1
2026-05-18 23:07:13,528 INFO o.a.j.t.JMeterThread: Thread is done: CSV Data Driven Test 1-2
2026-05-18 23:07:13,528 INFO o.a.j.t.JMeterThread: Thread is done: CSV Data Driven Test 1-3
2026-05-18 23:07:13,528 INFO o.a.j.t.JMeterThread: Thread finished: CSV Data Driven Test 1-2
2026-05-18 23:07:13,528 INFO o.a.j.t.JMeterThread: Thread finished: CSV Data Driven Test 1-3
2026-05-18 23:07:13,711 INFO o.a.j.t.JMeterThread: Thread is done: CSV Data Driven Test 1-5
2026-05-18 23:07:13,711 INFO o.a.j.t.JMeterThread: Thread finished: CSV Data Driven Test 1-5
2026-05-18 23:07:14,155 INFO o.a.j.t.JMeterThread: Thread is done: CSV Data Driven Test 1-4
2026-05-18 23:07:14,155 INFO o.a.j.t.JMeterThread: Thread finished: CSV Data Driven Test 1-4
2026-05-18 23:07:14,156 INFO o.a.j.e.StandardJMeterEngine: Notifying test listeners of end of test
2026-05-18 23:07:14,157 INFO o.a.j.s.FileServer: Close: C:/Portable/AST-Terminal/Part A/testdata.csv
2026-05-18 23:07:14,157 INFO o.a.j.g.u.JMeterMenuBar: setRunning(false, *local*)
2026-05-18 23:07:44,050 INFO o.a.j.e.StandardJMeterEngine: Running the test!
2026-05-18 23:07:44,050 INFO o.a.j.s.SampleEvent: List of sample_variables: []
2026-05-18 23:07:44,054 INFO o.a.j.g.u.JMeterMenuBar: setRunning(true, *local*)
2026-05-18 23:07:44,144 INFO o.a.j.e.StandardJMeterEngine: Starting ThreadGroup: 1 : CSV Data Driven Test
2026-05-18 23:07:44,144 INFO o.a.j.e.StandardJMeterEngine: Starting 5 threads for group CSV Data Driven Test.
2026-05-18 23:07:44,144 INFO o.a.j.e.StandardJMeterEngine: Thread will continue on error
2026-05-18 23:07:44,144 INFO o.a.j.t.ThreadGroup: Starting thread group... number=1 threads=5 ramp-up=1 delayedStart=true
2026-05-18 23:07:44,145 INFO o.a.j.t.ThreadGroup: Started thread group number 1
2026-05-18 23:07:44,146 INFO o.a.j.e.StandardJMeterEngine: All thread groups have been started
2026-05-18 23:07:44,170 INFO o.a.j.t.JMeterThread: Thread started: CSV Data Driven Test 1-1
2026-05-18 23:07:44,171 INFO o.a.j.s.FileServer: Stored: C:/Portable/AST-Terminal/Part A/testdata.csv
2026-05-18 23:07:44,414 INFO o.a.j.t.JMeterThread: Thread started: CSV Data Driven Test 1-2
2026-05-18 23:07:44,666 INFO o.a.j.t.JMeterThread: Thread started: CSV Data Driven Test 1-3
2026-05-18 23:07:44,914 INFO o.a.j.t.JMeterThread: Thread started: CSV Data Driven Test 1-4
2026-05-18 23:07:45,161 INFO o.a.j.t.JMeterThread: Thread started: CSV Data Driven Test 1-5
2026-05-18 23:07:45,189 INFO o.a.j.t.JMeterThread: Thread is done: CSV Data Driven Test 1-1
2026-05-18 23:07:45,189 INFO o.a.j.t.JMeterThread: Thread is done: CSV Data Driven Test 1-2
2026-05-18 23:07:45,189 INFO o.a.j.t.JMeterThread: Thread finished: CSV Data Driven Test 1-1
2026-05-18 23:07:45,190 INFO o.a.j.t.JMeterThread: Thread finished: CSV Data Driven Test 1-2
2026-05-18 23:07:45,369 INFO o.a.j.t.JMeterThread: Thread is done: CSV Data Driven Test 1-3
2026-05-18 23:07:45,369 INFO o.a.j.t.JMeterThread: Thread finished: CSV Data Driven Test 1-3
2026-05-18 23:07:46,048 INFO o.a.j.t.JMeterThread: Thread is done: CSV Data Driven Test 1-5
2026-05-18 23:07:46,048 INFO o.a.j.t.JMeterThread: Thread finished: CSV Data Driven Test 1-5
2026-05-18 23:07:46,893 INFO o.a.j.t.JMeterThread: Thread is done: CSV Data Driven Test 1-4
2026-05-18 23:07:46,894 INFO o.a.j.t.JMeterThread: Thread finished: CSV Data Driven Test 1-4
2026-05-18 23:07:46,895 INFO o.a.j.e.StandardJMeterEngine: Notifying test listeners of end of test
2026-05-18 23:07:46,895 INFO o.a.j.s.FileServer: Close: C:/Portable/AST-Terminal/Part A/testdata.csv
2026-05-18 23:07:46,895 INFO o.a.j.g.u.JMeterMenuBar: setRunning(false, *local*)
2026-05-18 23:07:52,644 INFO o.a.j.e.StandardJMeterEngine: Running the test!
2026-05-18 23:07:52,645 INFO o.a.j.s.SampleEvent: List of sample_variables: []
2026-05-18 23:07:52,646 INFO o.a.j.g.u.JMeterMenuBar: setRunning(true, *local*)
2026-05-18 23:07:52,730 INFO o.a.j.e.StandardJMeterEngine: Starting ThreadGroup: 1 : CSV Data Driven Test
2026-05-18 23:07:52,730 INFO o.a.j.e.StandardJMeterEngine: Starting 5 threads for group CSV Data Driven Test.
2026-05-18 23:07:52,731 INFO o.a.j.e.StandardJMeterEngine: Thread will continue on error
2026-05-18 23:07:52,738 INFO o.a.j.t.ThreadGroup: Starting thread group... number=1 threads=5 ramp-up=1 delayedStart=true
2026-05-18 23:07:52,738 INFO o.a.j.t.ThreadGroup: Started thread group number 1
2026-05-18 23:07:52,738 INFO o.a.j.e.StandardJMeterEngine: All thread groups have been started
2026-05-18 23:07:52,758 INFO o.a.j.t.JMeterThread: Thread started: CSV Data Driven Test 1-1
2026-05-18 23:07:52,760 INFO o.a.j.s.FileServer: Stored: C:/Portable/AST-Terminal/Part A/testdata.csv
2026-05-18 23:07:53,005 INFO o.a.j.t.JMeterThread: Thread started: CSV Data Driven Test 1-2
2026-05-18 23:07:53,257 INFO o.a.j.t.JMeterThread: Thread started: CSV Data Driven Test 1-3
2026-05-18 23:07:53,451 INFO o.a.j.t.JMeterThread: Thread is done: CSV Data Driven Test 1-1
2026-05-18 23:07:53,451 INFO o.a.j.t.JMeterThread: Thread finished: CSV Data Driven Test 1-1
2026-05-18 23:07:53,506 INFO o.a.j.t.JMeterThread: Thread started: CSV Data Driven Test 1-4
2026-05-18 23:07:53,669 INFO o.a.j.t.JMeterThread: Thread is done: CSV Data Driven Test 1-2
2026-05-18 23:07:53,670 INFO o.a.j.t.JMeterThread: Thread finished: CSV Data Driven Test 1-2
2026-05-18 23:07:53,754 INFO o.a.j.t.JMeterThread: Thread started: CSV Data Driven Test 1-5
2026-05-18 23:07:53,869 INFO o.a.j.t.JMeterThread: Thread is done: CSV Data Driven Test 1-3
2026-05-18 23:07:53,870 INFO o.a.j.t.JMeterThread: Thread finished: CSV Data Driven Test 1-3
2026-05-18 23:07:54,127 INFO o.a.j.t.JMeterThread: Thread is done: CSV Data Driven Test 1-4
2026-05-18 23:07:54,127 INFO o.a.j.t.JMeterThread: Thread finished: CSV Data Driven Test 1-4
2026-05-18 23:07:54,481 INFO o.a.j.t.JMeterThread: Thread is done: CSV Data Driven Test 1-5
2026-05-18 23:07:54,481 INFO o.a.j.t.JMeterThread: Thread finished: CSV Data Driven Test 1-5
2026-05-18 23:07:54,482 INFO o.a.j.e.StandardJMeterEngine: Notifying test listeners of end of test
2026-05-18 23:07:54,482 INFO o.a.j.s.FileServer: Close: C:/Portable/AST-Terminal/Part A/testdata.csv
2026-05-18 23:07:54,482 INFO o.a.j.g.u.JMeterMenuBar: setRunning(false, *local*)
