2026-05-18 23:19:49,992 INFO o.a.j.u.JMeterUtils: Setting Locale to en_EN
2026-05-18 23:19:50,025 INFO o.a.j.JMeter: Loading user properties from: C:\Portable\apache-jmeter\bin\user.properties
2026-05-18 23:19:50,026 INFO o.a.j.JMeter: Loading system properties from: C:\Portable\apache-jmeter\bin\system.properties
2026-05-18 23:19:50,042 INFO o.a.j.JMeter: Copyright (c) 1998-2024 The Apache Software Foundation
2026-05-18 23:19:50,042 INFO o.a.j.JMeter: Version 5.6.3
2026-05-18 23:19:50,042 INFO o.a.j.JMeter: java.version=25.0.3
2026-05-18 23:19:50,042 INFO o.a.j.JMeter: java.vm.name=OpenJDK 64-Bit Server VM
2026-05-18 23:19:50,043 INFO o.a.j.JMeter: os.name=Windows 11
2026-05-18 23:19:50,043 INFO o.a.j.JMeter: os.arch=amd64
2026-05-18 23:19:50,044 INFO o.a.j.JMeter: os.version=10.0
2026-05-18 23:19:50,045 INFO o.a.j.JMeter: file.encoding=UTF-8
2026-05-18 23:19:50,045 INFO o.a.j.JMeter: java.awt.headless=true
2026-05-18 23:19:50,045 INFO o.a.j.JMeter: Max memory     =1073741824
2026-05-18 23:19:50,045 INFO o.a.j.JMeter: Available Processors =4
2026-05-18 23:19:50,073 INFO o.a.j.JMeter: Default Locale=English (EN)
2026-05-18 23:19:50,074 INFO o.a.j.JMeter: JMeter  Locale=English (EN)
2026-05-18 23:19:50,074 INFO o.a.j.JMeter: JMeterHome=C:\Portable\apache-jmeter
2026-05-18 23:19:50,074 INFO o.a.j.JMeter: user.dir  =C:\Portable\AST-Terminal\Part A
2026-05-18 23:19:50,075 INFO o.a.j.JMeter: PWD       =C:\Portable\AST-Terminal\Part A
2026-05-18 23:19:50,078 INFO o.a.j.JMeter: IP: 192.168.100.208 Name: SWEET FullName: SWEET
2026-05-18 23:19:50,095 INFO o.a.j.JMeter: Setting property 'jmeter.reportgenerator.outputdir' to:'C:\Portable\AST-Terminal\Part A\reports'
2026-05-18 23:19:50,099 INFO o.a.j.s.FileServer: Default base='C:\Portable\AST-Terminal\Part A'
2026-05-18 23:19:50,100 INFO o.a.j.s.FileServer: Set new base='C:\Portable\AST-Terminal\Part A'
2026-05-18 23:19:50,673 INFO o.a.j.s.SaveService: Testplan (JMX) version: 2.2. Testlog (JTL) version: 2.2
2026-05-18 23:19:50,725 INFO o.a.j.s.SaveService: Using SaveService properties version 5.0
2026-05-18 23:19:50,733 INFO o.a.j.s.SaveService: Using SaveService properties file encoding UTF-8
2026-05-18 23:19:50,742 INFO o.a.j.s.SaveService: Loading file: PART C.jmx
2026-05-18 23:19:50,825 INFO o.a.j.p.h.s.HTTPSamplerBase: Parser for text/html is org.apache.jmeter.protocol.http.parser.LagartoBasedHtmlParser
2026-05-18 23:19:50,825 INFO o.a.j.p.h.s.HTTPSamplerBase: Parser for application/xhtml+xml is org.apache.jmeter.protocol.http.parser.LagartoBasedHtmlParser
2026-05-18 23:19:50,825 INFO o.a.j.p.h.s.HTTPSamplerBase: Parser for application/xml is org.apache.jmeter.protocol.http.parser.LagartoBasedHtmlParser
2026-05-18 23:19:50,826 INFO o.a.j.p.h.s.HTTPSamplerBase: Parser for text/xml is org.apache.jmeter.protocol.http.parser.LagartoBasedHtmlParser
2026-05-18 23:19:50,826 INFO o.a.j.p.h.s.HTTPSamplerBase: Parser for text/vnd.wap.wml is org.apache.jmeter.protocol.http.parser.RegexpHTMLParser
2026-05-18 23:19:50,826 INFO o.a.j.p.h.s.HTTPSamplerBase: Parser for text/css is org.apache.jmeter.protocol.http.parser.CssParser
2026-05-18 23:19:50,867 INFO o.a.j.JMeter: Creating summariser <summary>
2026-05-18 23:19:50,873 INFO o.a.j.r.d.ReportGenerator: ReportGenerator will use for Parsing the separator: ','
2026-05-18 23:19:50,874 INFO o.a.j.r.d.ReportGenerator: Will generate report at end of test from  results file: results.jtl
2026-05-18 23:19:50,874 INFO o.a.j.r.d.ReportGenerator: Reading report generator properties from: C:\Portable\apache-jmeter\bin\reportgenerator.properties
2026-05-18 23:19:50,877 INFO o.a.j.r.d.ReportGenerator: Merging with JMeter properties
2026-05-18 23:19:50,883 INFO o.a.j.r.c.ReportGeneratorConfiguration: Property 'jmeter.reportgenerator.temp_dir' not found, using default value 'temp' instead.
2026-05-18 23:19:50,887 INFO o.a.j.r.c.ReportGeneratorConfiguration: Property 'jmeter.reportgenerator.apdex_per_transaction' not found, using default value 'null' instead.
2026-05-18 23:19:50,888 INFO o.a.j.r.c.ReportGeneratorConfiguration: apdex_per_transaction is empty, not APDEX per transaction customization
2026-05-18 23:19:50,888 INFO o.a.j.r.c.ReportGeneratorConfiguration: Property 'jmeter.reportgenerator.sample_filter' not found, using default value 'null' instead.
2026-05-18 23:19:50,888 INFO o.a.j.r.c.ReportGeneratorConfiguration: Property 'jmeter.reportgenerator.report_title' not found, using default value 'null' instead.
2026-05-18 23:19:50,889 INFO o.a.j.r.c.ReportGeneratorConfiguration: Property 'jmeter.reportgenerator.start_date' not found, using default value 'null' instead.
2026-05-18 23:19:50,889 INFO o.a.j.r.c.ReportGeneratorConfiguration: Property 'jmeter.reportgenerator.end_date' not found, using default value 'null' instead.
2026-05-18 23:19:50,889 INFO o.a.j.r.c.ReportGeneratorConfiguration: Property 'jmeter.reportgenerator.date_format' not found, using default value 'null' instead.
2026-05-18 23:19:50,889 INFO o.a.j.r.c.ReportGeneratorConfiguration: Will use date range start date: null, end date: null
2026-05-18 23:19:50,898 INFO o.a.j.r.c.ReportGeneratorConfiguration: Property 'jmeter.reportgenerator.graph.totalTPS.exclude_controllers' not found, using default value 'false' instead.
2026-05-18 23:19:50,898 INFO o.a.j.r.c.ReportGeneratorConfiguration: Property 'jmeter.reportgenerator.graph.activeThreadsOverTime.exclude_controllers' not found, using default value 'false' instead.
2026-05-18 23:19:50,899 INFO o.a.j.r.c.ReportGeneratorConfiguration: Property 'jmeter.reportgenerator.graph.timeVsThreads.exclude_controllers' not found, using default value 'false' instead.
2026-05-18 23:19:50,899 INFO o.a.j.r.c.ReportGeneratorConfiguration: Property 'jmeter.reportgenerator.graph.responseTimeDistribution.exclude_controllers' not found, using default value 'false' instead.
2026-05-18 23:19:50,899 INFO o.a.j.r.c.ReportGeneratorConfiguration: Property 'jmeter.reportgenerator.graph.transactionsPerSecond.exclude_controllers' not found, using default value 'false' instead.
2026-05-18 23:19:50,900 INFO o.a.j.r.c.ReportGeneratorConfiguration: Property 'jmeter.reportgenerator.graph.responseTimePercentiles.exclude_controllers' not found, using default value 'false' instead.
2026-05-18 23:19:50,900 INFO o.a.j.r.c.ReportGeneratorConfiguration: Property 'jmeter.reportgenerator.graph.responseTimePercentilesOverTime.exclude_controllers' not found, using default value 'false' instead.
2026-05-18 23:19:50,900 INFO o.a.j.r.c.ReportGeneratorConfiguration: Property 'jmeter.reportgenerator.graph.responseTimesOverTime.exclude_controllers' not found, using default value 'false' instead.
2026-05-18 23:19:50,901 INFO o.a.j.r.c.ReportGeneratorConfiguration: Property 'jmeter.reportgenerator.graph.connectTimeOverTime.exclude_controllers' not found, using default value 'false' instead.
2026-05-18 23:19:50,901 INFO o.a.j.r.c.ReportGeneratorConfiguration: Property 'jmeter.reportgenerator.graph.latenciesOverTime.exclude_controllers' not found, using default value 'false' instead.
2026-05-18 23:19:50,902 INFO o.a.j.r.c.ReportGeneratorConfiguration: Property 'jmeter.reportgenerator.exporter.json.filters_only_sample_series' not found, using default value 'true' instead.
2026-05-18 23:19:50,902 INFO o.a.j.r.c.ReportGeneratorConfiguration: Property 'jmeter.reportgenerator.exporter.json.series_filter' not found, using default value '' instead.
2026-05-18 23:19:50,902 INFO o.a.j.r.c.ReportGeneratorConfiguration: Property 'jmeter.reportgenerator.exporter.json.show_controllers_only' not found, using default value 'false' instead.
2026-05-18 23:19:50,903 INFO o.a.j.r.c.ReportGeneratorConfiguration: Property 'jmeter.reportgenerator.exporter.html.filters_only_sample_series' not found, using default value 'true' instead.
2026-05-18 23:19:50,903 INFO o.a.j.r.c.ReportGeneratorConfiguration: Property 'jmeter.reportgenerator.exporter.html.series_filter' not found, using default value '' instead.
2026-05-18 23:19:50,903 INFO o.a.j.r.c.ReportGeneratorConfiguration: Property 'jmeter.reportgenerator.exporter.html.show_controllers_only' not found, using default value 'false' instead.
2026-05-18 23:19:50,934 INFO o.a.j.e.StandardJMeterEngine: Running the test!
2026-05-18 23:19:50,935 INFO o.a.j.s.SampleEvent: List of sample_variables: []
2026-05-18 23:19:50,935 INFO o.a.j.s.SampleEvent: List of sample_variables: []
2026-05-18 23:19:50,952 INFO o.a.j.e.u.CompoundVariable: Note: Function class names must contain the string: '.functions.'
2026-05-18 23:19:50,952 INFO o.a.j.e.u.CompoundVariable: Note: Function class names must not contain the string: '.gui.'
2026-05-18 23:19:51,095 INFO o.a.j.JMeter: Running test (1779128391095)
2026-05-18 23:19:51,129 INFO o.a.j.e.StandardJMeterEngine: Starting ThreadGroup: 1 : CSV Data Driven Test
2026-05-18 23:19:51,129 INFO o.a.j.e.StandardJMeterEngine: Starting 5 threads for group CSV Data Driven Test.
2026-05-18 23:19:51,129 INFO o.a.j.e.StandardJMeterEngine: Thread will continue on error
2026-05-18 23:19:51,129 INFO o.a.j.t.ThreadGroup: Starting thread group... number=1 threads=5 ramp-up=1 delayedStart=true
2026-05-18 23:19:51,131 INFO o.a.j.t.ThreadGroup: Started thread group number 1
2026-05-18 23:19:51,131 INFO o.a.j.e.StandardJMeterEngine: All thread groups have been started
2026-05-18 23:19:51,195 INFO o.a.j.t.JMeterThread: Thread started: CSV Data Driven Test 1-1
2026-05-18 23:19:51,196 INFO o.a.j.s.FileServer: Stored: C:/Portable/AST-Terminal/Part A/testdata.csv
2026-05-18 23:19:51,244 INFO o.a.j.p.h.s.HTTPHCAbstractImpl: Local host = SWEET
2026-05-18 23:19:51,259 INFO o.a.j.p.h.s.HTTPHC4Impl: HTTP request retry count = 0
2026-05-18 23:19:51,262 INFO o.a.j.s.SampleResult: Note: Sample TimeStamps are START times
2026-05-18 23:19:51,263 INFO o.a.j.s.SampleResult: sampleresult.default.encoding is set to UTF-8
2026-05-18 23:19:51,263 INFO o.a.j.s.SampleResult: sampleresult.useNanoTime=true
2026-05-18 23:19:51,263 INFO o.a.j.s.SampleResult: sampleresult.nanoThreadSleep=5000
2026-05-18 23:19:51,389 INFO o.a.j.t.JMeterThread: Thread started: CSV Data Driven Test 1-2
2026-05-18 23:19:51,439 INFO o.a.j.p.h.s.h.LazyLayeredConnectionSocketFactory: Setting up HTTPS TrustAll Socket Factory
2026-05-18 23:19:51,447 INFO o.a.j.u.JsseSSLManager: Using default SSL protocol: TLS
2026-05-18 23:19:51,448 INFO o.a.j.u.JsseSSLManager: SSL session context: per-thread
2026-05-18 23:19:51,640 INFO o.a.j.t.JMeterThread: Thread started: CSV Data Driven Test 1-3
2026-05-18 23:19:51,768 INFO o.a.j.u.SSLManager: JmeterKeyStore Location:  type JKS
2026-05-18 23:19:51,771 INFO o.a.j.u.SSLManager: KeyStore created OK
2026-05-18 23:19:51,771 WARN o.a.j.u.SSLManager: Keystore file not found, loading empty keystore
2026-05-18 23:19:51,891 INFO o.a.j.t.JMeterThread: Thread started: CSV Data Driven Test 1-4
2026-05-18 23:19:52,133 INFO o.a.j.t.JMeterThread: Thread started: CSV Data Driven Test 1-5
2026-05-18 23:19:52,820 INFO o.a.j.t.JMeterThread: Thread is done: CSV Data Driven Test 1-5
2026-05-18 23:19:52,821 INFO o.a.j.t.JMeterThread: Thread finished: CSV Data Driven Test 1-5
2026-05-18 23:19:52,831 INFO o.a.j.t.JMeterThread: Thread is done: CSV Data Driven Test 1-2
2026-05-18 23:19:52,831 INFO o.a.j.t.JMeterThread: Thread finished: CSV Data Driven Test 1-2
2026-05-18 23:19:52,833 INFO o.a.j.t.JMeterThread: Thread is done: CSV Data Driven Test 1-1
2026-05-18 23:19:52,834 INFO o.a.j.t.JMeterThread: Thread finished: CSV Data Driven Test 1-1
2026-05-18 23:19:52,846 INFO o.a.j.t.JMeterThread: Thread is done: CSV Data Driven Test 1-3
2026-05-18 23:19:52,847 INFO o.a.j.t.JMeterThread: Thread finished: CSV Data Driven Test 1-3
2026-05-18 23:19:52,851 INFO o.a.j.t.JMeterThread: Thread is done: CSV Data Driven Test 1-4
2026-05-18 23:19:52,852 INFO o.a.j.t.JMeterThread: Thread finished: CSV Data Driven Test 1-4
2026-05-18 23:19:52,855 INFO o.a.j.e.StandardJMeterEngine: Notifying test listeners of end of test
2026-05-18 23:19:52,856 INFO o.a.j.s.FileServer: Close: C:/Portable/AST-Terminal/Part A/testdata.csv
2026-05-18 23:19:52,866 INFO o.a.j.r.Summariser: summary =     10 in 00:00:02 =    5.7/s Avg:   544 Min:   195 Max:  1166 Err:     1 (10.00%)
2026-05-18 23:19:52,868 INFO o.a.j.JMeter: Generating Dashboard
2026-05-18 23:19:52,868 INFO o.a.j.r.d.ReportGenerator: Flushing result collector before report Generation
2026-05-18 23:19:52,887 INFO o.a.j.r.p.NormalizerSampleConsumer: Using format, 'ms', to parse timeStamp field
2026-05-18 23:19:53,067 INFO o.a.j.r.p.AbstractSampleConsumer: class org.apache.jmeter.report.processor.AggregateConsumer#stopProducing(): beginDate produced 0 samples
2026-05-18 23:19:53,067 INFO o.a.j.r.p.AbstractSampleConsumer: class org.apache.jmeter.report.processor.AggregateConsumer#stopProducing(): endDate produced 0 samples
2026-05-18 23:19:53,071 INFO o.a.j.r.p.AbstractSampleConsumer: class org.apache.jmeter.report.processor.ApdexSummaryConsumer#stopProducing(): apdexSummary produced 0 samples
2026-05-18 23:19:53,071 INFO o.a.j.r.p.AbstractSampleConsumer: class org.apache.jmeter.report.processor.RequestsSummaryConsumer#stopProducing(): requestsSummary produced 0 samples
2026-05-18 23:19:53,085 INFO o.a.j.r.p.AbstractSampleConsumer: class org.apache.jmeter.report.processor.StatisticsSummaryConsumer#stopProducing(): statisticsSummary produced 0 samples
2026-05-18 23:19:53,089 INFO o.a.j.r.p.AbstractSampleConsumer: class org.apache.jmeter.report.processor.Top5ErrorsBySamplerConsumer#stopProducing(): top5ErrorsBySampler produced 0 samples
2026-05-18 23:19:53,089 INFO o.a.j.r.p.AbstractSampleConsumer: class org.apache.jmeter.report.processor.ErrorsSummaryConsumer#stopProducing(): errorsSummary produced 0 samples
2026-05-18 23:19:53,089 INFO o.a.j.r.p.AbstractSampleConsumer: class org.apache.jmeter.report.processor.graph.impl.HitsPerSecondGraphConsumer#stopProducing(): hitsPerSecond produced 0 samples
2026-05-18 23:19:53,110 INFO o.a.j.r.p.AbstractSampleConsumer: class org.apache.jmeter.report.processor.graph.impl.LatencyVSRequestGraphConsumer#stopProducing(): latencyVsRequest produced 0 samples
2026-05-18 23:19:53,110 INFO o.a.j.r.p.AbstractSampleConsumer: class org.apache.jmeter.report.processor.graph.impl.SyntheticResponseTimeDistributionGraphConsumer#stopProducing(): syntheticResponseTimeDistribution produced 0 samples
2026-05-18 23:19:53,111 INFO o.a.j.r.p.AbstractSampleConsumer: class org.apache.jmeter.report.processor.graph.impl.BytesThroughputGraphConsumer#stopProducing(): bytesThroughputOverTime produced 0 samples
2026-05-18 23:19:53,111 INFO o.a.j.r.p.AbstractSampleConsumer: class org.apache.jmeter.report.processor.graph.impl.CodesPerSecondGraphConsumer#stopProducing(): codesPerSecond produced 0 samples
2026-05-18 23:19:53,115 INFO o.a.j.r.p.AbstractSampleConsumer: class org.apache.jmeter.report.processor.graph.impl.ResponseTimeVSRequestGraphConsumer#stopProducing(): responseTimeVsRequest produced 0 samples
2026-05-18 23:19:53,116 INFO o.a.j.r.p.AbstractSampleConsumer: class org.apache.jmeter.report.processor.FilterConsumer#stopProducing(): startIntervalControlerFilter produced 70 samples
2026-05-18 23:19:53,116 INFO o.a.j.r.p.AbstractSampleConsumer: class org.apache.jmeter.report.processor.graph.impl.TotalTPSGraphConsumer#stopProducing(): totalTPS produced 0 samples
2026-05-18 23:19:53,116 INFO o.a.j.r.p.AbstractSampleConsumer: class org.apache.jmeter.report.processor.graph.impl.ActiveThreadsGraphConsumer#stopProducing(): activeThreadsOverTime produced 0 samples
2026-05-18 23:19:53,116 INFO o.a.j.r.p.AbstractSampleConsumer: class org.apache.jmeter.report.processor.graph.impl.TimeVSThreadGraphConsumer#stopProducing(): timeVsThreads produced 0 samples
2026-05-18 23:19:53,117 INFO o.a.j.r.p.AbstractSampleConsumer: class org.apache.jmeter.report.processor.graph.impl.ResponseTimeDistributionGraphConsumer#stopProducing(): responseTimeDistribution produced 0 samples
2026-05-18 23:19:53,117 INFO o.a.j.r.p.AbstractSampleConsumer: class org.apache.jmeter.report.processor.graph.impl.TransactionsPerSecondGraphConsumer#stopProducing(): transactionsPerSecond produced 0 samples
2026-05-18 23:19:53,118 INFO o.a.j.r.p.AbstractSampleConsumer: class org.apache.jmeter.report.processor.graph.impl.ResponseTimePercentilesGraphConsumer#stopProducing(): responseTimePercentiles produced 0 samples
2026-05-18 23:19:53,120 INFO o.a.j.r.p.AbstractSampleConsumer: class org.apache.jmeter.report.processor.graph.impl.ResponseTimePercentilesOverTimeGraphConsumer#stopProducing(): responseTimePercentilesOverTime produced 0 samples
2026-05-18 23:19:53,120 INFO o.a.j.r.p.AbstractSampleConsumer: class org.apache.jmeter.report.processor.graph.impl.ResponseTimeOverTimeGraphConsumer#stopProducing(): responseTimesOverTime produced 0 samples
2026-05-18 23:19:53,121 INFO o.a.j.r.p.AbstractSampleConsumer: class org.apache.jmeter.report.processor.graph.impl.ConnectTimeOverTimeGraphConsumer#stopProducing(): connectTimeOverTime produced 0 samples
2026-05-18 23:19:53,121 INFO o.a.j.r.p.AbstractSampleConsumer: class org.apache.jmeter.report.processor.graph.impl.LatencyOverTimeGraphConsumer#stopProducing(): latenciesOverTime produced 0 samples
2026-05-18 23:19:53,121 INFO o.a.j.r.p.AbstractSampleConsumer: class org.apache.jmeter.report.processor.FilterConsumer#stopProducing(): nameFilter produced 150 samples
2026-05-18 23:19:53,121 INFO o.a.j.r.p.AbstractSampleConsumer: class org.apache.jmeter.report.processor.FilterConsumer#stopProducing(): dateRangeFilter produced 30 samples
2026-05-18 23:19:53,121 INFO o.a.j.r.p.AbstractSampleConsumer: class org.apache.jmeter.report.processor.NormalizerSampleConsumer#stopProducing(): normalizer produced 10 samples
2026-05-18 23:19:53,122 INFO o.a.j.r.p.CsvFileSampleSource: produce(): 10 samples produced in 174ms on channel 0
2026-05-18 23:19:53,122 INFO o.a.j.r.d.ReportGenerator: Exporting data using exporter:'json' of className:'org.apache.jmeter.report.dashboard.JsonExporter'
2026-05-18 23:19:53,242 INFO o.a.j.r.d.JsonExporter: Found data for consumer statisticsSummary in context
2026-05-18 23:19:53,242 INFO o.a.j.r.d.JsonExporter: Creating statistics for overall
2026-05-18 23:19:53,243 INFO o.a.j.r.d.JsonExporter: Creating statistics for other transactions
2026-05-18 23:19:53,244 INFO o.a.j.r.d.JsonExporter: Checking output folder
2026-05-18 23:19:53,245 INFO o.a.j.r.d.JsonExporter: Writing statistics JSON to C:\Portable\AST-Terminal\Part A\reports\statistics.json
2026-05-18 23:19:53,323 INFO o.a.j.r.d.ReportGenerator: Exporting data using exporter:'html' of className:'org.apache.jmeter.report.dashboard.HtmlTemplateExporter'
2026-05-18 23:19:53,329 INFO o.a.j.r.d.HtmlTemplateExporter: Will generate dashboard in folder: C:\Portable\AST-Terminal\Part A\reports
2026-05-18 23:19:53,705 INFO o.a.j.r.d.HtmlTemplateExporter: Report will be generated in: C:\Portable\AST-Terminal\Part A\reports, creating folder structure
2026-05-18 23:19:53,712 INFO o.a.j.r.d.TemplateVisitor: Copying folder from 'C:\Portable\apache-jmeter\bin\report-template' to 'C:\Portable\AST-Terminal\Part A\reports', got message: C:\Portable\AST-Terminal\Part A\reports, found non empty folder with following content [C:\Portable\AST-Terminal\Part A\reports\statistics.json], will be ignored
2026-05-18 23:19:54,587 INFO o.a.j.JMeter: Dashboard generated
